This is XeTeX, Version 3.141592653-2.6-0.999993 (MiKTeX 22.1) (preloaded format=xelatex 2026.5.3)  4 MAY 2026 02:35
entering extended mode
 restricted \write18 enabled.
 %&-line parsing enabled.
**project_report.tex
(/Library/Application Support/MiKTeX/texmfs/install/tex/latex/tools/x.tex
! Interruption.
<to be read again> 
                   \immediate 
l.1 
    %%
? X
 
Here is how much of TeX's memory you used:
 6 strings out of 404776
 94 string characters out of 2477446
 427603 words of memory out of 3000000
 28860 multiletter control sequences out of 15000+600000
 627721 words of font info for 40 fonts, out of 8000000 for 9000
 0 hyphenation exceptions out of 8191
 4i,0n,0p,25b,6s stack positions out of 5000i,500n,10000p,200000b,80000s
No pages of output.
