\BOOKMARK [0][-]{Doc-Start}{\376\377\000A\000B\000S\000T\000R\000A\000C\000T}{}% 1
\BOOKMARK [0][-]{Doc-Start}{\376\377\000T\000H\000A\000I\000\040\000A\000B\000S\000T\000R\000A\000C\000T}{}% 2
\BOOKMARK [0][-]{Doc-Start}{\376\377\000A\000C\000K\000N\000O\000W\000L\000E\000D\000G\000M\000E\000N\000T\000S}{}% 3
\BOOKMARK [0][-]{Doc-Start}{\376\377\000C\000O\000N\000T\000E\000N\000T\000S}{}% 4
\BOOKMARK [0][-]{Doc-Start}{\376\377\000L\000I\000S\000T\000\040\000O\000F\000\040\000T\000A\000B\000L\000E\000S}{}% 5
\BOOKMARK [0][-]{Doc-Start}{\376\377\000L\000I\000S\000T\000\040\000O\000F\000\040\000F\000I\000G\000U\000R\000E\000S}{}% 6
\BOOKMARK [0][-]{Doc-Start}{\376\377\000L\000I\000S\000T\000\040\000O\000F\000\040\000S\000Y\000M\000B\000O\000L\000S}{}% 7
\BOOKMARK [0][-]{Doc-Start}{\376\377\000L\000I\000S\000T\000\040\000O\000F\000\040\000T\000E\000C\000H\000N\000I\000C\000A\000L\000\040\000V\000O\000C\000A\000B\000U\000L\000A\000R\000Y\000\040\000A\000N\000D\000\040\000A\000B\000B\000R\000E\000V\000A\000T\000I\000O\000N\000S}{}% 8
\BOOKMARK [0][-]{chapter.1}{\376\377\000C\000H\000A\000P\000T\000E\000R}{}% 9
\BOOKMARK [0][-]{chapter.1}{\376\377\000I\000N\000T\000R\000O\000D\000U\000C\000T\000I\000O\000N}{}% 10
\BOOKMARK [1][-]{section.1.1}{\376\377\000P\000r\000o\000j\000e\000c\000t\000\040\000I\000n\000t\000r\000o\000d\000u\000c\000t\000i\000o\000n\000\040\000\046\000\040\000P\000r\000o\000b\000l\000e\000m\000\040\000S\000t\000a\000t\000e\000m\000e\000n\000t\000s}{chapter.1}% 11
\BOOKMARK [1][-]{section.1.2}{\376\377\000O\000b\000j\000e\000c\000t\000i\000v\000e\000s}{chapter.1}% 12
\BOOKMARK [1][-]{section.1.3}{\376\377\000S\000c\000o\000p\000e}{chapter.1}% 13
\BOOKMARK [1][-]{section.1.4}{\376\377\000P\000r\000o\000j\000e\000c\000t\000\040\000P\000l\000a\000n\000\040\000\050\000T\000a\000s\000k\000\040\000B\000r\000e\000a\000k\000d\000o\000w\000n\000\051}{chapter.1}% 14
\BOOKMARK [1][-]{section.1.5}{\376\377\000G\000a\000n\000t\000t\000\040\000C\000h\000a\000r\000t}{chapter.1}% 15
\BOOKMARK [1][-]{section.1.6}{\376\377\000D\000e\000l\000i\000v\000e\000r\000a\000b\000l\000e\000s}{chapter.1}% 16
\BOOKMARK [0][-]{chapter.2}{\376\377\000B\000A\000C\000K\000G\000R\000O\000U\000N\000D\000,\000\040\000R\000E\000L\000A\000T\000E\000D\000\040\000P\000R\000O\000D\000U\000C\000T\000S\000,\000\040\000A\000N\000D\000\040\000D\000E\000V\000E\000L\000O\000P\000M\000E\000N\000T\000\040\000T\000O\000O\000L\000S}{}% 17
\BOOKMARK [1][-]{section.2.1}{\376\377\000B\000a\000c\000k\000g\000r\000o\000u\000n\000d\000\040\000K\000n\000o\000w\000l\000e\000d\000g\000e}{chapter.2}% 18
\BOOKMARK [1][-]{section.2.2}{\376\377\000D\000e\000v\000e\000l\000o\000p\000m\000e\000n\000t\000\040\000L\000a\000n\000g\000u\000a\000g\000e\000s\000,\000\040\000F\000r\000a\000m\000e\000w\000o\000r\000k\000s\000,\000\040\000a\000n\000d\000\040\000T\000o\000o\000l\000s}{chapter.2}% 19
\BOOKMARK [2][-]{subsection.2.2.1}{\376\377\000G\000i\000t}{section.2.2}% 20
\BOOKMARK [2][-]{subsection.2.2.2}{\376\377\000V\000i\000s\000u\000a\000l\000\040\000S\000t\000u\000d\000i\000o\000\040\000C\000o\000d\000e}{section.2.2}% 21
\BOOKMARK [2][-]{subsection.2.2.3}{\376\377\000G\000o\000\040\000\050\000G\000o\000l\000a\000n\000g\000\051}{section.2.2}% 22
\BOOKMARK [2][-]{subsection.2.2.4}{\376\377\000F\000l\000u\000t\000t\000e\000r}{section.2.2}% 23
\BOOKMARK [2][-]{subsection.2.2.5}{\376\377\000P\000o\000s\000t\000m\000a\000n}{section.2.2}% 24
\BOOKMARK [2][-]{subsection.2.2.6}{\376\377\000J\000e\000n\000k\000i\000n\000s}{section.2.2}% 25
\BOOKMARK [2][-]{subsection.2.2.7}{\376\377\000F\000i\000r\000e\000b\000a\000s\000e\000\040\000A\000p\000p\000\040\000D\000i\000s\000t\000r\000i\000b\000u\000t\000i\000o\000n\000\040\000a\000n\000d\000\040\000A\000p\000p\000l\000e\000\040\000T\000e\000s\000t\000F\000l\000i\000g\000h\000t}{section.2.2}% 26
\BOOKMARK [2][-]{subsection.2.2.8}{\376\377\000K\000o\000t\000l\000i\000n}{section.2.2}% 27
\BOOKMARK [2][-]{subsection.2.2.9}{\376\377\000S\000p\000r\000i\000n\000g\000\040\000B\000o\000o\000t}{section.2.2}% 28
\BOOKMARK [1][-]{section.2.3}{\376\377\000S\000o\000f\000t\000w\000a\000r\000e\000\040\000\046\000\040\000C\000l\000o\000u\000d\000\040\000S\000e\000r\000v\000i\000c\000e\000s}{chapter.2}% 29
\BOOKMARK [2][-]{subsection.2.3.1}{\376\377\000C\000l\000o\000u\000d\000f\000l\000a\000r\000e}{section.2.3}% 30
\BOOKMARK [2][-]{subsection.2.3.2}{\376\377\000A\000p\000a\000c\000h\000e\000\040\000A\000P\000I\000S\000I\000X}{section.2.3}% 31
\BOOKMARK [2][-]{subsection.2.3.3}{\376\377\000L\000u\000r\000a\000\040\000P\000r\000o\000j\000e\000c\000t}{section.2.3}% 32
\BOOKMARK [2][-]{subsection.2.3.4}{\376\377\000P\000o\000s\000t\000g\000r\000e\000S\000Q\000L}{section.2.3}% 33
\BOOKMARK [2][-]{subsection.2.3.5}{\376\377\000R\000e\000d\000i\000s}{section.2.3}% 34
\BOOKMARK [2][-]{subsection.2.3.6}{\376\377\000A\000p\000a\000c\000h\000e\000\040\000K\000a\000f\000k\000a}{section.2.3}% 35
\BOOKMARK [2][-]{subsection.2.3.7}{\376\377\000G\000r\000a\000f\000a\000n\000a\000,\000\040\000D\000y\000n\000a\000t\000r\000a\000c\000e\000,\000\040\000a\000n\000d\000\040\000S\000p\000l\000u\000n\000k}{section.2.3}% 36
\BOOKMARK [1][-]{section.2.4}{\376\377\000T\000e\000c\000h\000n\000o\000l\000o\000g\000y\000\040\000A\000r\000c\000h\000i\000t\000e\000c\000t\000u\000r\000e}{chapter.2}% 37
\BOOKMARK [2][-]{subsection.2.4.1}{\376\377\000M\000i\000c\000r\000o\000s\000e\000r\000v\000i\000c\000e\000\040\000A\000r\000c\000h\000i\000t\000e\000c\000t\000u\000r\000e}{section.2.4}% 38
\BOOKMARK [2][-]{subsection.2.4.2}{\376\377\000D\000e\000s\000i\000g\000n\000\040\000P\000a\000t\000t\000e\000r\000n}{section.2.4}% 39
\BOOKMARK [2][-]{subsection.2.4.3}{\376\377\000B\000a\000c\000k\000e\000n\000d\000-\000f\000o\000r\000-\000F\000r\000o\000n\000t\000e\000n\000d\000\040\000\050\000B\000F\000F\000\051}{section.2.4}% 40
\BOOKMARK [2][-]{subsection.2.4.4}{\376\377\000A\000P\000I\000\040\000G\000a\000t\000e\000w\000a\000y}{section.2.4}% 41
\BOOKMARK [2][-]{subsection.2.4.5}{\376\377\000C\000I\000/\000C\000D\000\040\000P\000i\000p\000e\000l\000i\000n\000e\000s}{section.2.4}% 42
\BOOKMARK [2][-]{subsection.2.4.6}{\376\377\000C\000l\000o\000u\000d\000-\000N\000a\000t\000i\000v\000e}{section.2.4}% 43
\BOOKMARK [2][-]{subsection.2.4.7}{\376\377\000S\000o\000f\000t\000w\000a\000r\000e\000\040\000T\000e\000s\000t\000i\000n\000g\000\040\000P\000r\000o\000c\000e\000s\000s}{section.2.4}% 44
\BOOKMARK [1][-]{section.2.5}{\376\377\000A\000u\000t\000h\000e\000n\000t\000i\000c\000a\000t\000i\000o\000n\000\040\000a\000n\000d\000\040\000S\000e\000c\000u\000r\000i\000t\000y\000\040\000M\000e\000c\000h\000a\000n\000i\000s\000m}{chapter.2}% 45
\BOOKMARK [2][-]{subsection.2.5.1}{\376\377\000P\000r\000i\000v\000a\000t\000e\000\040\000K\000e\000y}{section.2.5}% 46
\BOOKMARK [2][-]{subsection.2.5.2}{\376\377\000P\000u\000b\000l\000i\000c\000\040\000K\000e\000y}{section.2.5}% 47
\BOOKMARK [2][-]{subsection.2.5.3}{\376\377\000D\000i\000g\000i\000t\000a\000l\000\040\000S\000i\000g\000n\000a\000t\000u\000r\000e}{section.2.5}% 48
\BOOKMARK [2][-]{subsection.2.5.4}{\376\377\000D\000e\000v\000i\000c\000e\000\040\000M\000a\000n\000a\000g\000e\000m\000e\000n\000t\000\040\000V\000e\000r\000i\000f\000i\000c\000a\000t\000i\000o\000n}{section.2.5}% 49
\BOOKMARK [1][-]{section.2.6}{\376\377\000R\000e\000l\000a\000t\000e\000d\000\040\000P\000r\000o\000d\000u\000c\000t\000s}{chapter.2}% 50
\BOOKMARK [2][-]{subsection.2.6.1}{\376\377\000K\000\040\000P\000L\000U\000S\000\040\000\050\000K\000a\000s\000i\000k\000o\000r\000n\000b\000a\000n\000k\000\040\000B\000a\000n\000k\000\051}{section.2.6}% 51
\BOOKMARK [2][-]{subsection.2.6.2}{\376\377\000S\000C\000B\000\040\000E\000A\000S\000Y\000\040\000\050\000S\000i\000a\000m\000\040\000C\000o\000m\000m\000e\000r\000c\000i\000a\000l\000\040\000B\000a\000n\000k\000\051}{section.2.6}% 52
\BOOKMARK [2][-]{subsection.2.6.3}{\376\377\000K\000r\000u\000n\000g\000t\000h\000a\000i\000\040\000N\000E\000X\000T\000\040\000\050\000K\000r\000u\000n\000g\000t\000h\000a\000i\000\040\000B\000a\000n\000k\000\051}{section.2.6}% 53
\BOOKMARK [2][-]{subsection.2.6.4}{\376\377\000B\000a\000n\000g\000k\000o\000k\000\040\000B\000