This is XeTeX, Version 3.141592653-2.6-0.999993 (MiKTeX 22.1) (preloaded format=xelatex 2026.5.4)  4 MAY 2026 23:53
entering extended mode
 restricted \write18 enabled.
 %&-line parsing enabled.
**./project_report.tex
(project_report.tex
LaTeX2e <2025-11-01>
L3 programming layer <2026-03-20>
(cpe-english-project.cls

LaTeX Warning: You have requested document class `cpe-english-project',
               but the document class provides `cpe-grad'.

Document Class: cpe-grad 2016/05/30 CPE,KMUTT latex class
(/Library/Application Support/MiKTeX/texmfs/install/tex/latex/base/report.cls
Document Class: report 2025/01/22 v1.4n Standard LaTeX document class
(/Library/Application Support/MiKTeX/texmfs/install/tex/latex/base/size10.clo
File: size10.clo 2025/01/22 v1.4n Standard LaTeX file (size option)
)
\c@part=\count271
\c@chapter=\count272
\c@section=\count273
\c@subsection=\count274
\c@subsubsection=\count275
\c@paragraph=\count276
\c@subparagraph=\count277
\c@figure=\count278
\c@table=\count279
\abovecaptionskip=\skip49
\belowcaptionskip=\skip50
\bibindent=\dimen150
)
Document Style `CPE thesis/report'.

(/Users/billy191/Library/Application Support/MiKTeX/texmfs/install/tex/latex/ge
ometry/geometry.sty
Package: geometry 2026/03/07 v6.0 Page Geometry

(/Library/Application Support/MiKTeX/texmfs/install/tex/latex/graphics/keyval.s
ty
Package: keyval 2022/05/29 v1.15 key=value parser (DPC)
\KV@toks@=\toks17
)
(/Library/Application Support/MiKTeX/texmfs/install/tex/generic/iftex/ifvtex.st
y
Package: ifvtex 2019/10/25 v1.7 ifvtex legacy package. Use iftex instead.

(/Library/Application Support/MiKTeX/texmfs/install/tex/generic/iftex/iftex.sty
Package: iftex 2024/12/12 v1.0g TeX engine tests
))
\Gm@cnth=\count280
\Gm@cntv=\count281
\c@Gm@tempcnt=\count282
\Gm@bindingoffset=\dimen151
\Gm@wd@mp=\dimen152
\Gm@odd@mp=\dimen153
\Gm@even@mp=\dimen154
\Gm@layoutwidth=\dimen155
\Gm@layoutheight=\dimen156
\Gm@layouthoffset=\dimen157
\Gm@layoutvoffset=\dimen158
\Gm@dimlist=\toks18

(/Users/billy191/Library/Application Support/MiKTeX/texmfs/install/tex/latex/ge
ometry/geometry.cfg))
(/Library/Application Support/MiKTeX/texmfs/install/tex/latex/graphics/graphicx
.sty
Package: graphicx 2024/12/31 v1.2e Enhanced LaTeX Graphics (DPC,SPQR)

(/Library/Application Support/MiKTeX/texmfs/install/tex/latex/graphics/graphics
.sty
Package: graphics 2024/08/06 v1.4g Standard LaTeX Graphics (DPC,SPQR)

(/Library/Application Support/MiKTeX/texmfs/install/tex/latex/graphics/trig.sty
Package: trig 2023/12/02 v1.11 sin cos tan (DPC)
)
(/Library/Application Support/MiKTeX/texmfs/install/tex/latex/graphics-cfg/grap
hics.cfg
File: graphics.cfg 2016/06/04 v1.11 sample graphics configuration
)
Package graphics Info: Driver file: xetex.def on input line 106.

(/Library/Application Support/MiKTeX/texmfs/install/tex/latex/graphics-def/xete
x.def
File: xetex.def 2025/11/01 v5.0p Graphics/color driver for xetex
))
\Gin@req@height=\dimen159
\Gin@req@width=\dimen160
)
(/Library/Application Support/MiKTeX/texmfs/install/tex/latex/tools/array.sty
Package: array 2025/09/25 v2.6n Tabular extension package (FMi)
\col@sep=\dimen161
\ar@mcellbox=\box53
\extrarowheight=\dimen162
\NC@list=\toks19
\extratabsurround=\skip51
\backup@length=\skip52
\ar@cellbox=\box54
)
(/Library/Application Support/MiKTeX/texmfs/install/tex/latex/amsfonts/amsfonts
.sty
Package: amsfonts 2013/01/14 v3.01 Basic AMSFonts support
\@emptytoks=\toks20
\symAMSa=\mathgroup4
\symAMSb=\mathgroup5
LaTeX Font Info:    Redeclaring math symbol \hbar on input line 98.
LaTeX Font Info:    Overwriting math alphabet `\mathfrak' in version `bold'
(Font)                  U/euf/m/n --> U/euf/b/n on input line 106.
)
(/Library/Application Support/MiKTeX/texmfs/install/tex/latex/amsmath/amsmath.s
ty
Package: amsmath 2025/07/09 v2.17z AMS math features
\@mathmargin=\skip53

For additional information on amsmath, use the `?' option.

(/Library/Application Support/MiKTeX/texmfs/install/tex/latex/amsmath/amstext.s
ty
Package: amstext 2024/11/17 v2.01 AMS text

(/Library/Application Support/MiKTeX/texmfs/install/tex/latex/amsmath/amsgen.st
y
File: amsgen.sty 1999/11/30 v2.0 generic functions
\@emptytoks=\toks21
\ex@=\dimen163
))
(/Library/Application Support/MiKTeX/texmfs/install/tex/latex/amsmath/amsbsy.st
y
Package: amsbsy 1999/11/29 v1.2d Bold Symbols
\pmbraise@=\dimen164
)
(/Library/Application Support/MiKTeX/texmfs/install/tex/latex/amsmath/amsopn.st
y
Package: amsopn 2022/04/08 v2.04 operator names
)
\inf@bad=\count283
LaTeX Info: Redefining \frac on input line 233.
\uproot@=\count284
\leftroot@=\count285
LaTeX Info: Redefining \overline on input line 398.
LaTeX Info: Redefining \colon on input line 409.
\classnum@=\count286
\DOTSCASE@=\count287
LaTeX Info: Redefining \ldots on input line 495.
LaTeX Info: Redefining \dots on input line 498.
LaTeX Info: Redefining \cdots on input line 619.
\Mathstrutbox@=\box55
\strutbox@=\box56
LaTeX Info: Redefining \big on input line 721.
LaTeX Info: Redefining \Big on input line 722.
LaTeX Info: Redefining \bigg on input line 723.
LaTeX Info: Redefining \Bigg on input line 724.
\big@size=\dimen165
LaTeX Font Info:    Redeclaring font encoding OML on input line 742.
LaTeX Font Info:    Redeclaring font encoding OMS on input line 743.
\macc@depth=\count288
LaTeX Info: Redefining \bmod on input line 904.
LaTeX Info: Redefining \pmod on input line 909.
LaTeX Info: Redefining \smash on input line 939.
LaTeX Info: Redefining \relbar on input line 969.
LaTeX Info: Redefining \Relbar on input line 970.
\c@MaxMatrixCols=\count289
\dotsspace@=\muskip17
\c@parentequation=\count290
\dspbrk@lvl=\count291
\tag@help=\toks22
\row@=\count292
\column@=\count293
\maxfields@=\count294
\andhelp@=\toks23
\eqnshift@=\dimen166
\alignsep@=\dimen167
\tagshift@=\dimen168
\tagwidth@=\dimen169
\totwidth@=\dimen170
\lineht@=\dimen171
\@envbody=\toks24
\multlinegap=\skip54
\multlinetaggap=\skip55
\mathdisplay@stack=\toks25
LaTeX Info: Redefining \[ on input line 2950.
LaTeX Info: Redefining \] on input line 2951.
)
(/Users/billy191/Library/Application Support/MiKTeX/texmfs/install/tex/xelatex/
mathspec/mathspec.sty
Package: mathspec 2016/12/22 v0.2b LaTeX Package (Mathematics font selection fo
r XeLaTeX)

(/Library/Application Support/MiKTeX/texmfs/install/tex/latex/etoolbox/etoolbox
.sty
Package: etoolbox 2025/10/02 v2.5m e-TeX tools for LaTeX (JAW)
\etb@tempcnta=\count295
)
(/Library/Application Support/MiKTeX/texmfs/install/tex/generic/iftex/ifxetex.s
ty
Package: ifxetex 2019/10/25 v0.7 ifxetex legacy package. Use iftex instead.
)
(/Library/Application Support/MiKTeX/texmfs/install/tex/latex/fontspec/fontspec
.sty
(/Library/Application Support/MiKTeX/texmfs/install/tex/latex/l3packages/xparse
/xparse.sty
(/Library/Application Support/MiKTeX/texmfs/install/tex/latex/l3kernel/expl3.st
y
Package: expl3 2026-03-20 L3 programming layer (loader) 

(/Library/Application Support/MiKTeX/texmfs/install/tex/latex/l3backend/l3backe
nd-xetex.def
File: l3backend-xetex.def 2026-02-18 L3 backend support: XeTeX
\g__graphics_track_int=\count296
\g__pdfannot_backend_int=\count297
\g__pdfannot_backend_link_int=\count298
))
Package: xparse 2025-10-09 L3 Experimental document command parser
)
Package: fontspec 2025/09/29 v2.9g Font selection for XeLaTeX and LuaLaTeX

(/Library/Application Support/MiKTeX/texmfs/install/tex/latex/fontspec/fontspec
-xetex.sty
Package: fontspec-xetex 2025/09/29 v2.9g Font selection for XeLaTeX and LuaLaTe
X
\l__fontspec_script_int=\count299
\l__fontspec_language_int=\count300
\l__fontspec_strnum_int=\count301
\l__fontspec_tmp_int=\count302
\l__fontspec_tmpa_int=\count303
\l__fontspec_tmpb_int=\count304
\l__fontspec_tmpc_int=\count305
\l__fontspec_em_int=\count306
\l__fontspec_emdef_int=\count307
\l__fontspec_strong_int=\count308
\l__fontspec_strongdef_int=\count309
\l__fontspec_tmpa_dim=\dimen172
\l__fontspec_tmpb_dim=\dimen173
\l__fontspec_tmpc_dim=\dimen174

(/Library/Application Support/MiKTeX/texmfs/install/tex/latex/base/fontenc.sty
Package: fontenc 2025/07/18 v2.1d Standard LaTeX package
)
(/Library/Application Support/MiKTeX/texmfs/install/tex/latex/fontspec/fontspec
.cfg)))
(/Library/Application Support/MiKTeX/texmfs/install/tex/latex/xkeyval/xkeyval.s
ty
Package: xkeyval 2022/06/16 v2.9 package option processing (HA)

(/Library/Application Support/MiKTeX/texmfs/install/tex/generic/xkeyval/xkeyval
.tex
(/Library/Application Support/MiKTeX/texmfs/install/tex/generic/xkeyval/xkvutil
s.tex
\XKV@toks=\toks26
\XKV@tempa@toks=\toks27
)
\XKV@depth=\count310
File: xkeyval.tex 2014/12/03 v2.7a key=value parser (HA)
))
\c@eu@=\count311
\c@eu@i=\count312
\c@mkern=\count313
)
(/Users/billy191/Library/Application Support/MiKTeX/texmfs/install/tex/xelatex/
xunicode/xunicode.sty
File: xunicode.sty 2011/09/09 v0.981 provides access to latin accents and many 
other characters in Unicode lower plane

(/Users/billy191/Library/Application Support/MiKTeX/texmfs/install/tex/latex/ti
pa/t3enc.def
File: t3enc.def 2001/12/31 T3 encoding
)
\tipaTiiicode=\count314
\tipasavetokens=\toks28
\tipachecktokens=\toks29
LaTeX Encoding Info:    Redeclaring text command \nobreakspace (encoding TU) on
 input line 1725.
LaTeX Encoding Info:    Redeclaring text command \copyright (encoding TU) on in
put line 1739.
LaTeX Encoding Info:    Redeclaring text command \AA (encoding TU) on input lin
e 1785.
LaTeX Encoding Info:    Redeclaring text command \aa (encoding TU) on input lin
e 1842.
LaTeX Encoding Info:    Redeclaring text command \textrhookopeno (encoding TU) 
on input line 3119.
LaTeX Encoding Info:    Redeclaring text command \textaolig (encoding TU) on in
put line 3729.
)
(/Users/billy191/Library/Application Support/MiKTeX/texmfs/install/tex/latex/xl
txtra/xltxtra.sty
Package: xltxtra 2018/12/31 v0.7 Improvements for the "XeLaTeX" format

(/Library/Application Support/MiKTeX/texmfs/install/tex/generic/iftex/ifluatex.
sty
Package: ifluatex 2019/10/25 v1.5 ifluatex legacy package. Use iftex instead.
)
(/Users/billy191/Library/Application Support/MiKTeX/texmfs/install/tex/latex/re
alscripts/realscripts.sty
Package: realscripts 2016/02/13 v0.3d Access OpenType subscripts and superscrip
ts
\subsupersep=\dimen175
)
(/Users/billy191/Library/Application Support/MiKTeX/texmfs/install/tex/latex/me
talogo/metalogo.sty
Package: metalogo 2010/05/29 v0.12 Extended TeX logo macros
\xl@everylogo=\toks30
\xl@@everylogo=\toks31
LaTeX Info: Redefining \TeX on input line 193.
LaTeX Info: Redefining \LaTeX on input line 202.
LaTeX Info: Redefining \LaTeXe on input line 219.
)
\l__xetex_show_hyphens_wrapping_box=\box57
\l__xetex_show_hyphens_temp_box=\box58
\l__xetex_show_hyphens_final_box=\box59
\g__xetex_show_hyphens_word_box=\box60
)
(/Library/Application Support/MiKTeX/texmfs/install/tex/latex/url/url.sty
\Urlmuskip=\muskip18
Package: url 2013/09/16  ver 3.4  Verb mode for urls, etc.
)
(/Library/Application Support/MiKTeX/texmfs/install/tex/latex/hyperref/hyperref
.sty
Package: hyperref 2026-04-24 v7.01q Hypertext links for LaTeX

(/Users/billy191/Library/Application Support/MiKTeX/texmfs/install/tex/latex/kv
setkeys/kvsetkeys.sty
Package: kvsetkeys 2022-10-05 v1.19 Key value parser (HO)
)
(/Users/billy191/Library/Application Support/MiKTeX/texmfs/install/tex/generic/
kvdefinekeys/kvdefinekeys.sty
Package: kvdefinekeys 2019-12-19 v1.6 Define keys (HO)
)
(/Users/billy191/Library/Application Support/MiKTeX/texmfs/install/tex/generic/
pdfescape/pdfescape.sty
Package: pdfescape 2019/12/09 v1.15 Implements pdfTeX's escape features (HO)

(/Users/billy191/Library/Application Support/MiKTeX/texmfs/install/tex/generic/
ltxcmds/ltxcmds.sty
Package: ltxcmds 2023-12-04 v1.26 LaTeX kernel commands for general use (HO)
)
(/Library/Application Support/MiKTeX/texmfs/install/tex/generic/pdftexcmds/pdft
excmds.sty
Package: pdftexcmds 2020-06-27 v0.33 Utility functions of pdfTeX for LuaTeX (HO
)

(/Users/billy191/Library/Application Support/MiKTeX/texmfs/install/tex/generic/
infwarerr/infwarerr.sty
Package: infwarerr 2019/12/03 v1.5 Providing info/warning/error messages (HO)
)
Package pdftexcmds Info: \pdf@primitive is available.
Package pdftexcmds Info: \pdf@ifprimitive is available.
Package pdftexcmds Info: \pdfdraftmode not found.
))
(/Users/billy191/Library/Application Support/MiKTeX/texmfs/install/tex/latex/hy
color/hycolor.sty
Package: hycolor 2020-01-27 v1.10 Color options for hyperref/bookmark (HO)
)
(/Library/Application Support/MiKTeX/texmfs/install/tex/latex/hyperref/nameref.
sty
Package: nameref 2026-01-29 v2.58 Cross-referencing by name of section

(/Users/billy191/Library/Application Support/MiKTeX/texmfs/install/tex/latex/re
fcount/refcount.sty
Package: refcount 2019/12/15 v3.6 Data extraction from label references (HO)
)
(/Users/billy191/Library/Application Support/MiKTeX/texmfs/install/tex/generic/
gettitlestring/gettitlestring.sty
Package: gettitlestring 2019/12/15 v1.6 Cleanup title references (HO)

(/Users/billy191/Library/Application Support/MiKTeX/texmfs/install/tex/latex/kv
options/kvoptions.sty
Package: kvoptions 2022-06-15 v3.15 Key value format for package options (HO)
))
\c@section@level=\count315
)
(/Users/billy191/Library/Application Support/MiKTeX/texmfs/install/tex/generic/
stringenc/stringenc.sty
Package: stringenc 2019/11/29 v1.12 Convert strings between diff. encodings (HO
)
)
\@linkdim=\dimen176
\Hy@linkcounter=\count316
\Hy@pagecounter=\count317

(/Library/Application Support/MiKTeX/texmfs/install/tex/latex/hyperref/pd1enc.d
ef
File: pd1enc.def 2026-04-24 v7.01q Hyperref: PDFDocEncoding definition (HO)
)
(/Users/billy191/Library/Application Support/MiKTeX/texmfs/install/tex/generic/
intcalc/intcalc.sty
Package: intcalc 2019/12/15 v1.3 Expandable calculations with integers (HO)
)
\Hy@SavedSpaceFactor=\count318

(/Library/Application Support/MiKTeX/texmfs/install/tex/latex/hyperref/puenc.de
f
File: puenc.def 2026-04-24 v7.01q Hyperref: PDF Unicode definition (HO)

(/Users/billy191/Library/Application Support/MiKTeX/texmfs/install/tex/latex/gr
eek-fontenc/puenc-greek.def
File: puenc-greek.def 2023-09-12 2.5 Greek LICRs for PDF strings

(/Users/billy191/Library/Application Support/MiKTeX/texmfs/install/tex/latex/gr
eek-fontenc/greek-fontenc.def
File: greek-fontenc.def 2023-09-12 2.5 Common Greek font encoding definitions
)
LaTeX Encoding Info:    Redeclaring text command \textmu (encoding PU) on input
 line 179.
)
LaTeX Encoding Info:    Redeclaring text command \textohm (encoding PU) on inpu
t line 1176.
)
Package hyperref Info: Hyper figures OFF on input line 4199.
Package hyperref Info: Link nesting OFF on input line 4204.
Package hyperref Info: Hyper index ON on input line 4207.
Package hyperref Info: Plain pages OFF on input line 4214.
Package hyperref Info: Backreferencing OFF on input line 4219.
Package hyperref Info: Implicit mode ON; LaTeX internals redefined.
Package hyperref Info: Bookmarks ON on input line 4466.
\c@Hy@tempcnt=\count319
LaTeX Info: Redefining \url on input line 4805.
\XeTeXLinkMargin=\dimen177

(/Users/billy191/Library/Application Support/MiKTeX/texmfs/install/tex/generic/
bitset/bitset.sty
Package: bitset 2019/12/09 v1.3 Handle bit-vector datatype (HO)

(/Users/billy191/Library/Application Support/MiKTeX/texmfs/install/tex/generic/
bigintcalc/bigintcalc.sty
Package: bigintcalc 2019/12/15 v1.5 Expandable calculations on big integers (HO
)
))
\Fld@menulength=\count320
\Field@Width=\dimen178
\Fld@charsize=\dimen179
Package hyperref Info: Hyper figures OFF on input line 6091.
Package hyperref Info: Link nesting OFF on input line 6096.
Package hyperref Info: Hyper index ON on input line 6099.
Package hyperref Info: backreferencing OFF on input line 6106.
Package hyperref Info: Link coloring OFF on input line 6111.
Package hyperref Info: Link coloring with OCG OFF on input line 6116.
Package hyperref Info: PDF/A mode OFF on input line 6121.
\Hy@abspage=\count321
\c@Item=\count322
\c@Hfootnote=\count323
)
Package hyperref Info: Driver (autodetected): hxetex.

(/Library/Application Support/MiKTeX/texmfs/install/tex/latex/hyperref/hxetex.d
ef
File: hxetex.def 2026-04-24 v7.01q Hyperref driver for XeTeX
\pdfm@box=\box61
\c@Hy@AnnotLevel=\count324
\HyField@AnnotCount=\count325
\Fld@listcount=\count326
\c@bookmark@seq@number=\count327

(/Users/billy191/Library/Application Support/MiKTeX/texmfs/install/tex/latex/re
runfilecheck/rerunfilecheck.sty
Package: rerunfilecheck 2025-06-21 v1.11 Rerun checks for auxiliary files (HO)

(/Users/billy191/Library/Application Support/MiKTeX/texmfs/install/tex/generic/
uniquecounter/uniquecounter.sty
Package: uniquecounter 2019/12/15 v1.4 Provide unlimited unique counter (HO)
)
Package uniquecounter Info: New unique counter `rerunfilecheck' on input line 2
84.
)
\Hy@SectionHShift=\skip56
)
Package hyperref Info: Option `linktocpage' set `true' on input line 49.
Package hyperref Info: Option `colorlinks' set `true' on input line 49.
\bibindent=\dimen180

(/Library/Application Support/MiKTeX/texmfs/install/tex/latex/base/latexsym.sty
Package: latexsym 1998/08/17 v2.2e Standard LaTeX package (lasy symbols)
\symlasy=\mathgroup6
LaTeX Font Info:    Overwriting symbol font `lasy' in version `bold'
(Font)                  U/lasy/m/n --> U/lasy/b/n on input line 52.
)
\c@definition=\count328
)
(/Users/billy191/Library/Application Support/MiKTeX/texmfs/install/tex/latex/fl
oat/float.sty
Package: float 2001/11/08 v1.3d Float enhancements (AL)
\c@float@type=\count329
\float@exts=\toks32
\float@box=\box62
\@float@everytoks=\toks33
\@floatcapt=\box63
)
(/Users/billy191/Library/Application Support/MiKTeX/texmfs/install/tex/latex/ca
ption/subcaption.sty
Package: subcaption 2023/07/28 v1.6b Sub-captions (AR)

(/Users/billy191/Library/Application Support/MiKTeX/texmfs/install/tex/latex/ca
ption/caption.sty
Package: caption 2023/08/05 v3.6o Customizing captions (AR)

(/Users/billy191/Library/Application Support/MiKTeX/texmfs/install/tex/latex/ca
ption/caption3.sty
Package: caption3 2023/07/31 v2.4d caption3 kernel (AR)
\caption@tempdima=\dimen181
\captionmargin=\dimen182
\caption@leftmargin=\dimen183
\caption@rightmargin=\dimen184
\caption@width=\dimen185
\caption@indent=\dimen186
\caption@parindent=\dimen187
\caption@hangindent=\dimen188
Package caption Info: Unknown document class (or package),
(caption)             standard defaults will be used.
Package caption Info: \@makecaption = \long macro:#1#2->\vskip \abovecaptionski
p \sbox \@tempboxa {{\bf #1} #2}\ifdim \wd \@tempboxa >\hsize {\bf #1} #2\par \
else \global \@minipagefalse \hb@xt@ \hsize {\hfil \box \@tempboxa \hfil }\fi \
vskip \belowcaptionskip  on input line 1175.
)

Package caption Warning: Unknown document class (or package),
(caption)                standard defaults will be used.
See the caption package documentation for explanation.

\c@caption@flags=\count330
\c@continuedfloat=\count331
Package caption Info: float package is loaded.
Package caption Info: hyperref package is loaded.
)
Package caption Info: New subtype `subfigure' on input line 238.
\c@subfigure=\count332
Package caption Info: New subtype `subtable' on input line 238.
\c@subtable=\count333
)
(/Users/billy191/Library/Application Support/MiKTeX/texmfs/install/tex/latex/ul
em/ulem.sty
\UL@box=\box64
\UL@hyphenbox=\box65
\UL@skip=\skip57
\UL@hook=\toks34
\UL@height=\dimen189
\UL@pe=\count334
\UL@pixel=\dimen190
\ULC@box=\box66
Package: ulem 2019/11/18
\ULdepth=\dimen191
)
(/Users/billy191/Library/Application Support/MiKTeX/texmfs/install/tex/generic/
soul/soul.sty
Package: soul 2026-03-06 v3.2 Permit use of UTF-8 characters in soul (HO)

(/Users/billy191/Library/Application Support/MiKTeX/texmfs/install/tex/generic/
soul/soul-ori.sty
Package: soul-ori 2026-03-06 v3.2 letterspacing/underlining (mf)
\SOUL@word=\toks35
\SOUL@lasttoken=\toks36
\SOUL@syllable=\toks37
\SOUL@cmds=\toks38
\SOUL@buffer=\toks39
\SOUL@token=\toks40
\SOUL@syllgoal=\dimen192
\SOUL@syllwidth=\dimen193
\SOUL@charkern=\dimen194
\SOUL@hyphkern=\dimen195
\SOUL@dimen=\dimen196
\SOUL@dimeni=\dimen197
\SOUL@minus=\count335
\SOUL@comma=\count336
\SOUL@apo=\count337
\SOUL@grave=\count338
\SOUL@spaceskip=\skip58
\SOUL@ttwidth=\dimen198
\SOUL@uldp=\dimen199
\SOUL@ulht=\dimen256
)
(/Users/billy191/Library/Application Support/MiKTeX/texmfs/install/tex/generic/
etexcmds/etexcmds.sty
Package: etexcmds 2019/12/15 v1.7 Avoid name clashes with e-TeX commands (HO)
))
(/Library/Application Support/MiKTeX/texmfs/install/tex/latex/tools/longtable.s
ty
Package: longtable 2025-10-13 v4.24 Multi-page Table package (DPC)
\LTleft=\skip59
\LTright=\skip60
\LTpre=\skip61
\LTpost=\skip62
\LTchunksize=\count339
\LTcapwidth=\dimen257
\LT@head=\box67
\LT@firsthead=\box68
\LT@foot=\box69
\LT@lastfoot=\box70
\LT@gbox=\box71
\LT@cols=\count340
\LT@rows=\count341
\c@LT@tables=\count342
\c@LT@chunks=\count343
\LT@p@ftn=\toks41
)
(/Users/billy191/Library/Application Support/MiKTeX/texmfs/install/tex/latex/bo
oktabs/booktabs.sty
Package: booktabs 2020/01/12 v1.61803398 Publication quality tables
\heavyrulewidth=\dimen258
\lightrulewidth=\dimen259
\cmidrulewidth=\dimen260
\belowrulesep=\dimen261
\belowbottomsep=\dimen262
\aboverulesep=\dimen263
\abovetopsep=\dimen264
\cmidrulesep=\dimen265
\cmidrulekern=\dimen266
\defaultaddspace=\dimen267
\@cmidla=\count344
\@cmidlb=\count345
\@aboverulesep=\dimen268
\@belowrulesep=\dimen269
\@thisruleclass=\count346
\@lastruleclass=\count347
\@thisrulewidth=\dimen270
)
(/Users/billy191/Library/Application Support/MiKTeX/texmfs/install/tex/latex/mu
ltirow/multirow.sty
Package: multirow 2024/11/12 v2.9 Span multiple rows of a table
\multirow@colwidth=\skip63
\multirow@cntb=\count348
\multirow@dima=\skip64
\bigstrutjot=\dimen271
)
(/Library/Application Support/MiKTeX/texmfs/install/tex/latex/tools/calc.sty
Package: calc 2025/03/01 v4.3b Infix arithmetic (KKT,FJ)
\calc@Acount=\count349
\calc@Bcount=\count350
\calc@Adimen=\dimen272
\calc@Bdimen=\dimen273
\calc@Askip=\skip65
\calc@Bskip=\skip66
LaTeX Info: Redefining \setlength on input line 86.
LaTeX Info: Redefining \addtolength on input line 87.
\calc@Ccount=\count351
\calc@Cskip=\skip67
)
(/Users/billy191/Library/Application Support/MiKTeX/texmfs/install/tex/latex/en
umitem/enumitem.sty
Package: enumitem 2025/02/06 v3.11 Customized lists
\labelindent=\skip68
\enit@outerparindent=\dimen274
\enit@toks=\toks42
\enit@inbox=\box72
\enit@count@id=\count352
\enitdp@description=\count353
)
(/Users/billy191/Library/Application Support/MiKTeX/texmfs/install/tex/latex/po
lyglossia/polyglossia.sty
Package: polyglossia 2026/04/18 v2.10 Modern multilingual typesetting with XeLa
TeX and LuaLaTeX
\l_xpg_alias_keyvals_int=\count354

(/Users/billy191/Library/Application Support/MiKTeX/texmfs/install/tex/latex/po
lyglossia/gloss-latex.ldf
File: gloss-latex.ldf polyglossia: module for default language


Package polyglossia Warning: No hyphenation patterns were loaded for `latex'
(polyglossia)                I will use \language=\l@nohyphenation instead.

\l@latex = a dialect from \language\l@nohyphenation 
))
(/Users/billy191/Library/Application Support/MiKTeX/texmfs/install/tex/latex/po
lyglossia/gloss-english.ldf
File: gloss-english.ldf polyglossia: module for English


Package polyglossia Warning: No hyphenation patterns were loaded for `english'
(polyglossia)                I will use \language=\l@nohyphenation instead.

\l@english = a dialect from \language\l@nohyphenation 

Package polyglossia Warning: No hyphenation patterns for english found
(polyglossia)                Falling back to the default patterns (= English)!

\l@english = a dialect from \language0
)

Package polyglossia Info: Default language is english


(/Users/billy191/Library/Application Support/MiKTeX/texmfs/install/tex/latex/po
lyglossia/gloss-thai.ldf
File: gloss-thai.ldf polyglossia: module for Thai
)

Package fontspec Info: 
(fontspec)             THSarabunNew scale = 1.23.


Package fontspec Info: 
(fontspec)             THSarabunNew scale = 1.23.


Package fontspec Info: 
(fontspec)             THSarabunNew Bold scale = 1.23.


Package fontspec Info: 
(fontspec)             THSarabunNew Italic scale = 1.23.


Package fontspec Info: 
(fontspec)             THSarabunNew BoldItalic scale = 1.23.


Package fontspec Info: 
(fontspec)             Font family 'THSarabunNew(0)' created for font
(fontspec)             'THSarabunNew' with options
(fontspec)             [Script=Thai,Scale=1.23,Extension=.ttf,Path=/Users/billy
191/Library/Fonts/,BoldFont=THSarabunNew
(fontspec)             Bold,ItalicFont=THSarabunNew
(fontspec)             Italic,BoldItalicFont=THSarabunNew BoldItalic].
(fontspec)              
(fontspec)              This font family consists of the following NFSS
(fontspec)             series/shapes:
(fontspec)              
(fontspec)             - 'normal' (m/n) with NFSS spec.:
(fontspec)             <->s*[1.23]"[/Users/billy191/Library/Fonts/THSarabunNew.
ttf]/OT:script=thai;language=dflt;"
(fontspec)             - 'bold' (b/n) with NFSS spec.:
(fontspec)             <->s*[1.23]"[/Users/billy191/Library/Fonts/THSarabunNew
(fontspec)             Bold.ttf]/OT:script=thai;language=dflt;"
(fontspec)             - 'italic' (m/it) with NFSS spec.:
(fontspec)             <->s*[1.23]"[/Users/billy191/Library/Fonts/THSarabunNew
(fontspec)             Italic.ttf]/OT:script=thai;language=dflt;"
(fontspec)             - 'bold italic' (b/it) with NFSS spec.:
(fontspec)             <->s*[1.23]"[/Users/billy191/Library/Fonts/THSarabunNew
(fontspec)             BoldItalic.ttf]/OT:script=thai;language=dflt;"


Package fontspec Info: 
(fontspec)             Times New Roman scale = 1.0.


Package fontspec Info: 
(fontspec)             Times New Roman scale = 1.0.


Package fontspec Info: 
(fontspec)             Times New Roman scale = 1.0.


Package fontspec Info: 
(fontspec)             Times New Roman scale = 1.0.


Package fontspec Info: 
(fontspec)             Times New Roman/B scale = 1.0.


Package fontspec Info: 
(fontspec)             Times New Roman/B scale = 1.0.


Package fontspec Info: 
(fontspec)             Times New Roman/I scale = 1.0.


Package fontspec Info: 
(fontspec)             Times New Roman/I scale = 1.0.


Package fontspec Info: 
(fontspec)             Times New Roman/BI scale = 1.0.


Package fontspec Info: 
(fontspec)             Times New Roman/BI scale = 1.0.


Package fontspec Info: 
(fontspec)             Font family 'TimesNewRoman(0)' created for font 'Times
(fontspec)             New Roman' with options
(fontspec)             [Mapping=tex-text,Scale=1.0,LetterSpace=0.0,Ligatures=Te
X,Scale=1.0,LetterSpace=0,WordSpace=1.0,FakeStretch=1.0].
(fontspec)              
(fontspec)              This font family consists of the following NFSS
(fontspec)             series/shapes:
(fontspec)              
(fontspec)             - 'normal' (m/n) with NFSS spec.: <->s*[1.0]"Times New
(fontspec)             Roman/OT:script=latn;language=dflt;letterspace=0.0;lette
rspace=0;extend=1.0;mapping=tex-text;"
(fontspec)             - 'bold' (b/n) with NFSS spec.: <->s*[1.0]"Times New
(fontspec)             Roman/B/OT:script=latn;language=dflt;letterspace=0.0;let
terspace=0;extend=1.0;mapping=tex-text;"
(fontspec)             - 'italic' (m/it) with NFSS spec.: <->s*[1.0]"Times New
(fontspec)             Roman/I/OT:script=latn;language=dflt;letterspace=0.0;let
terspace=0;extend=1.0;mapping=tex-text;"
(fontspec)             - 'bold italic' (b/it) with NFSS spec.:
(fontspec)             <->s*[1.0]"Times New
(fontspec)             Roman/BI/OT:script=latn;language=dflt;letterspace=0.0;le
tterspace=0;extend=1.0;mapping=tex-text;"

LaTeX Font Info:    Font shape `TU/TimesNewRoman(0)/m/n' will be
(Font)              scaled to size 10.0pt on input line 35.
\c@theorem=\count355
\c@lemma=\count356
\c@corollary=\count357
 (report_build.aux)
\openout1 = `report_build.aux'.

LaTeX Font Info:    Checking defaults for OML/cmm/m/it on input line 143.
LaTeX Font Info:    ... okay on input line 143.
LaTeX Font Info:    Checking defaults for OMS/cmsy/m/n on input line 143.
LaTeX Font Info:    ... okay on input line 143.
LaTeX Font Info:    Checking defaults for OT1/cmr/m/n on input line 143.
LaTeX Font Info:    ... okay on input line 143.
LaTeX Font Info:    Checking defaults for T1/cmr/m/n on input line 143.
LaTeX Font Info:    ... okay on input line 143.
LaTeX Font Info:    Checking defaults for TS1/cmr/m/n on input line 143.
LaTeX Font Info:    ... okay on input line 143.
LaTeX Font Info:    Checking defaults for TU/lmr/m/n on input line 143.
LaTeX Font Info:    ... okay on input line 143.
LaTeX Font Info:    Checking defaults for OMX/cmex/m/n on input line 143.
LaTeX Font Info:    ... okay on input line 143.
LaTeX Font Info:    Checking defaults for U/cmr/m/n on input line 143.
LaTeX Font Info:    ... okay on input line 143.
LaTeX Font Info:    Checking defaults for T3/cmr/m/n on input line 143.
LaTeX Font Info:    Trying to load font information for T3+cmr on input line 14
3.

(/Users/billy191/Library/Application Support/MiKTeX/texmfs/install/tex/latex/ti
pa/t3cmr.fd
File: t3cmr.fd 2001/12/31 TIPA font definitions
)
LaTeX Font Info:    ... okay on input line 143.
LaTeX Font Info:    Checking defaults for PD1/pdf/m/n on input line 143.
LaTeX Font Info:    ... okay on input line 143.
LaTeX Font Info:    Checking defaults for PU/pdf/m/n on input line 143.
LaTeX Font Info:    ... okay on input line 143.

*geometry* driver: auto-detecting
*geometry* detected driver: xetex
*geometry* verbose mode - [ preamble ] result:
* driver: xetex
* paper: a4paper
* layout: <same size as paper>
* layoutoffset:(h,v)=(0.0pt,0.0pt)
* modes: 
* h-part:(L,W,R)=(113.81102pt, 426.79135pt, 56.9055pt)
* v-part:(T,H,B)=(85.35826pt, 702.78308pt, 56.9055pt)
* \paperwidth=597.50787pt
* \paperheight=845.04684pt
* \textwidth=433.62pt
* \textheight=712.49861pt
* \oddsidemargin=36.135pt
* \evensidemargin=41.54103pt
* \topmargin=-22.76228pt
* \headheight=12.0pt
* \headsep=25.0pt
* \topskip=10.0pt
* \footskip=30.0pt
* \marginparwidth=65.0pt
* \marginparsep=11.0pt
* \columnsep=10.0pt
* \skip\footins=9.0pt plus 4.0pt minus 2.0pt
* \hoffset=0.0pt
* \voffset=0.0pt
* \mag=1000
* \@twocolumnfalse
* \@twosidefalse
* \@mparswitchfalse
* \@reversemarginfalse
* (1in=72.27pt=25.4mm, 1cm=28.453pt)


(/Library/Application Support/MiKTeX/texmfs/install/tex/latex/graphics/color.st
y
Package: color 2025/01/14 v1.3e Standard LaTeX Color (DPC)

(/Library/Application Support/MiKTeX/texmfs/install/tex/latex/graphics-cfg/colo
r.cfg
File: color.cfg 2016/01/02 v1.6 sample color configuration
)
Package color Info: Driver file: xetex.def on input line 149.

(/Library/Application Support/MiKTeX/texmfs/install/tex/latex/graphics/mathcolo
r.ltx))
Package hyperref Info: Link coloring ON on input line 143.
 (report_build.out) (report_build.out)
\@outlinefile=\write3
\openout3 = `report_build.out'.

Package caption Info: Begin \AtBeginDocument code.
Package caption Info: longtable package is loaded.

(/Users/billy191/Library/Application Support/MiKTeX/texmfs/install/tex/latex/ca
ption/ltcaption.sty
Package: ltcaption 2021/01/08 v1.4c longtable captions (AR)
)
Package caption Info: End \AtBeginDocument code.
File: logo02.jpg Graphic file (type bmp)
<logo02.jpg>


[1


]
LaTeX Font Info:    Trying to load font information for U+msa on input line 153
.

(/Library/Application Support/MiKTeX/texmfs/install/tex/latex/amsfonts/umsa.fd
File: umsa.fd 2013/01/14 v3.01 AMS symbols A
)
LaTeX Font Info:    Trying to load font information for U+msb on input line 153
.
(/Library/Application Support/MiKTeX/texmfs/install/tex/latex/amsfonts/umsb.fd
File: umsb.fd 2013/01/14 v3.01 AMS symbols B
)
LaTeX Font Info:    Trying to load font information for U+lasy on input line 15
3.
(/Library/Application Support/MiKTeX/texmfs/install/tex/latex/base/ulasy.fd
File: ulasy.fd 1998/08/17 v2.2e LaTeX symbol font definitions
)
Underfull \hbox (badness 10000) in alignment at lines 153--153
[] [] 
 []



[2]

Package hyperref Warning: bookmark level for unknown chapterx defaults to 0.

LaTeX Font Info:    Font shape `TU/TimesNewRoman(0)/b/n' will be
(Font)              scaled to size 10.0pt on input line 158.

Underfull \hbox (badness 1502) in paragraph at lines 167--168
[]|\TU/TimesNewRoman(0)/m/n/10 Mobile Banking, Digital Banking, Wealth Manageme
nt, Digital Transformation,
 []


Underfull \hbox (badness 10000) in alignment at lines 166--168
[][] 
 []



[2]
LaTeX Font Info:    Font shape `TU/THSarabunNew(0)/m/n' will be
(Font)              scaled to size 12.29996pt on input line 179.
\thai@year=\count358
\thai@year=\count359
\thai@year=\count360
\thai@year=\count361
\thai@year=\count362
\thai@year=\count363
\thai@year=\count364
\thai@year=\count365
\thai@year=\count366
\thai@year=\count367
\thai@year=\count368
\thai@year=\count369
LaTeX Font Info:    Font shape `TU/THSarabunNew(0)/b/n' will be
(Font)              scaled to size 12.29996pt on input line 192.

Underfull \hbox (badness 2608) in paragraph at lines 192--193
[]|\TU/THSarabunNew(0)/m/n/10 Mobile Banking, Digital Banking, Wealth Managemen
t, Digital Transformation, Flutter,
 []


Underfull \hbox (badness 10000) in paragraph at lines 192--193
\TU/THSarabunNew(0)/m/n/10 Microservices, Risk-Based Authentication, Multi-Fact
or Authentication, API Gateway,
 []


Underfull \hbox (badness 10000) in alignment at lines 189--193
[][] 
 []



[3]
LaTeX Font Info:    Font shape `TU/TimesNewRoman(0)/m/n' will be
(Font)              scaled to size 12.0pt on input line 202.
LaTeX Font Info:    Font shape `TU/TimesNewRoman(0)/b/n' will be
(Font)              scaled to size 12.0pt on input line 202.


[4

] (report_build.toc

[5

]

[6]

[7])
\tf@toc=\write4
\openout4 = `report_build.toc'.



[8] (report_build.lof

[9

])
\tf@lof=\write5
\openout5 = `report_build.lof'.



[10]
Overfull \hbox (2.96538pt too wide) in paragraph at lines 236--280
[]  
 []



[11

]
Chapter 1.

Package hyperref Warning: bookmark level for unknown chapterxx defaults to 0.


Package hyperref Warning: Token not allowed in a PDF string (Unicode):
(hyperref)                \kern -5.0pt
(hyperref)                removed on input line 289.

LaTeX Font Info:    Font shape `TU/TimesNewRoman(0)/b/n' will be
(Font)              scaled to size 14.0pt on input line 291.


[1

]

[2]

[3]
File: report_media/media/gantt/semester1.png Graphic file (type bmp)
<report_media/media/gantt/semester1.png>


[4]
File: report_media/media/gantt/semester2.png Graphic file (type bmp)
<report_media/media/gantt/semester2.png>


[5]

[6]

[7]
Chapter 2.

Package hyperref Warning: Token not allowed in a PDF string (Unicode):
(hyperref)                \kern -5.0pt
(hyperref)                removed on input line 592.

LaTeX Font Info:    Font shape `TU/TimesNewRoman(0)/b/n' will be
(Font)              scaled to size 13.0pt on input line 617.
File: report_media/media/image62.png Graphic file (type bmp)
<report_media/media/image62.png>


[8

]
File: report_media/media/image79.png Graphic file (type bmp)
<report_media/media/image79.png>


[9]
File: report_media/media/image23.png Graphic file (type bmp)
<report_media/media/image23.png>
File: report_media/media/image14.png Graphic file (type bmp)
<report_media/media/image14.png>

Overfull \hbox (6.29454pt too wide) in paragraph at lines 735--736
 [][] 
 []



[10]
File: report_media/media/image90.png Graphic file (type bmp)
<report_media/media/image90.png>


[11]
File: report_media/media/image2.png Graphic file (type bmp)
<report_media/media/image2.png>


[12]
File: report_media/media/image52.png Graphic file (type bmp)
<report_media/media/image52.png>


[13]
File: report_media/media/image60.png Graphic file (type bmp)
<report_media/media/image60.png>

Overfull \hbox (19.33087pt too wide) in paragraph at lines 861--862
 [][] 
 []

File: report_media/media/image58.png Graphic file (type bmp)
<report_media/media/image58.png>


[14]
File: report_media/media/image29.png Graphic file (type bmp)
<report_media/media/image29.png>

Overfull \hbox (19.34988pt too wide) in paragraph at lines 908--909
 [][] 
 []



[15]
Overfull \hbox (1.02657pt too wide) in paragraph at lines 923--928
[]\TU/TimesNewRoman(0)/m/n/10 With its global edge network, Cloudflare enhances
 both security and responsiveness, ensuring users experience
 []

File: report_media/media/image63.png Graphic file (type bmp)
<report_media/media/image63.png>

Overfull \hbox (19.34099pt too wide) in paragraph at lines 952--953
 [][] 
 []



[16]
File: report_media/media/image73.png Graphic file (type bmp)
<report_media/media/image73.png>
File: report_media/media/image24.png Graphic file (type bmp)
<report_media/media/image24.png>


[17]
File: report_media/media/image46.png Graphic file (type bmp)
<report_media/media/image46.png>

Overfull \hbox (19.35982pt too wide) in paragraph at lines 1046--1047
 [][] 
 []



[18]
File: report_media/media/image45.png Graphic file (type bmp)
<report_media/media/image45.png>

Overfull \hbox (19.572pt too wide) in paragraph at lines 1075--1076
 [][] 
 []



[19]
File: report_media/media/image82.png Graphic file (type bmp)
<report_media/media/image82.png>


[20]
File: report_media/media/image38.png Graphic file (type bmp)
<report_media/media/image38.png>

Overfull \hbox (6.99242pt too wide) in paragraph at lines 1138--1142
\TU/TimesNewRoman(0)/m/n/10 individual microservices, each with its own databas
e. A message broker supports asynchronous communication,
 []

File: report_media/media/image6.png Graphic file (type bmp)
<report_media/media/image6.png>

Overfull \hbox (19.35294pt too wide) in paragraph at lines 1160--1161
 [][] 
 []



[21]
File: report_media/media/image18.jpg Graphic file (type bmp)
<report_media/media/image18.jpg>

Overfull \hbox (22.23235pt too wide) in paragraph at lines 1189--1190
 [][] 
 []



[22]
File: report_media/media/image10.png Graphic file (type bmp)
<report_media/media/image10.png>

Overfull \hbox (19.32108pt too wide) in paragraph at lines 1230--1231
 [][] 
 []



[23]
Overfull \hbox (15.51385pt too wide) in paragraph at lines 1248--1250
[]\TU/TimesNewRoman(0)/m/n/10 The KKP Better platform adopts CI/ CD pipelines u
sing GitHub Actions, and Jenkins, each serving complementary
 []

File: report_media/media/image80.png Graphic file (type bmp)
<report_media/media/image80.png>

Overfull \hbox (1.52003pt too wide) in paragraph at lines 1280--1284
[]\TU/TimesNewRoman(0)/m/n/10 Cloud-Native principles emphasize building applic
ations that fully leverage cloud infrastructure for scalability,
 []

File: report_media/media/image92.png Graphic file (type bmp)
<report_media/media/image92.png>


[24]
File: report_media/media/image78.png Graphic file (type bmp)
<report_media/media/image78.png>


[25]
File: report_media/media/image26.png Graphic file (type bmp)
<report_media/media/image26.png>

Overfull \hbox (5.88107pt too wide) in paragraph at lines 1383--1387
[]\TU/TimesNewRoman(0)/m/n/10 From the Figure [][]2.24[][], the process shows h
ow a private key encrypts and decrypts data to maintain confidentiality
 []

File: report_media/media/image64.png Graphic file (type bmp)
<report_media/media/image64.png>


[26]
File: report_media/media/image94.png Graphic file (type bmp)
<report_media/media/image94.png>


[27]
File: report_media/media/image11.png Graphic file (type bmp)
<report_media/media/image11.png>
File: report_media/media/image43.png Graphic file (type bmp)
<report_media/media/image43.png>


[28]
File: report_media/media/image61.png Graphic file (type bmp)
<report_media/media/image61.png>


[29]
File: report_media/media/image5.png Graphic file (type bmp)
<report_media/media/image5.png>
File: report_media/media/image36.png Graphic file (type bmp)
<report_media/media/image36.png>


[30]
File: report_media/media/image66.png Graphic file (type bmp)
<report_media/media/image66.png>


[31]
File: report_media/media/market_compare.png Graphic file (type bmp)
<report_media/media/market_compare.png>


[32]
Underfull \hbox (badness 10000) in paragraph at lines 1640--1641

 []



[33]
Chapter 3.

Package hyperref Warning: Token not allowed in a PDF string (Unicode):
(hyperref)                \kern -5.0pt
(hyperref)                removed on input line 1643.



[34

]
File: report_media/media/image31.png Graphic file (type bmp)
<report_media/media/image31.png>

Overfull \hbox (19.3431pt too wide) in paragraph at lines 1748--1749
 [][] 
 []



[35]

[36]

[37]
Overfull \hbox (9.58383pt too wide) in paragraph at lines 1925--1928
[]\TU/TimesNewRoman(0)/b/n/10 Monitoring: \TU/TimesNewRoman(0)/m/n/10 Dynatrace
 provides service-level performance insights, while Grafana visualizes operatio
nal
 []

File: report_media/media/image37.png Graphic file (type bmp)
<report_media/media/image37.png>
File: report_media/media/image71.png Graphic file (type bmp)
<report_media/media/image71.png>


[38]
File: report_media/media/image76.png Graphic file (type bmp)
<report_media/media/image76.png>


[39]
File: report_media/media/request_authen_user_flow.png Graphic file (type bmp)
<report_media/media/request_authen_user_flow.png>


[40]
File: report_media/media/tax_planning_user_flow.png Graphic file (type bmp)
<report_media/media/tax_planning_user_flow.png>


[41]
File: report_media/media/segmentation_user_flow.png Graphic file (type bmp)
<report_media/media/segmentation_user_flow.png>
File: report_media/media/image89.png Graphic file (type bmp)
<report_media/media/image89.png>

Overfull \hbox (2.52399pt too wide) in paragraph at lines 2109--2110
 [][] 
 []



[42]
File: report_media/media/privilege_user_flow.png Graphic file (type bmp)
<report_media/media/privilege_user_flow.png>


[43]
File: report_media/media/image20.png Graphic file (type bmp)
<report_media/media/image20.png>


[44]
File: report_media/media/better_box_user_flow.png Graphic file (type bmp)
<report_media/media/better_box_user_flow.png>


[45]
Overfull \hbox (5.42305pt too wide) in paragraph at lines 2232--2235
[]\TU/TimesNewRoman(0)/m/n/10 This flow ensures that users complete all require
d steps for fund allocation while preventing invalid transactions,
 []

File: report_media/media/image57.jpg Graphic file (type bmp)
<report_media/media/image57.jpg>


[46]
Overfull \hbox (0.73738pt too wide) in paragraph at lines 2278--2286
\TU/TimesNewRoman(0)/m/n/10 services more conveniently. By integrating currency
 selection, exchange functionality, and digital onboarding.
 []



[47]
File: report_media/media/ultimated_fcd_user_flow_1.png Graphic file (type bmp)
<report_media/media/ultimated_fcd_user_flow_1.png>
File: report_media/media/ultimate_fcd_user_flow_2.png Graphic file (type bmp)
<report_media/media/ultimate_fcd_user_flow_2.png>


[48]

[49]
Underfull \hbox (badness 10000) in paragraph at lines 2494--2495

 []



[50]
Chapter 4.

Package hyperref Warning: Token not allowed in a PDF string (Unicode):
(hyperref)                \kern -5.0pt
(hyperref)                removed on input line 2497.


Overfull \hbox (22.42683pt too wide) in paragraph at lines 2501--2506
\TU/TimesNewRoman(0)/m/n/10 methodology. This structure supports iterative deve
lopment, continuous delivery, and rapid feature implementation. 
 []



[51

]
Overfull \hbox (18.4558pt too wide) in paragraph at lines 2582--2588
\TU/TimesNewRoman(0)/m/n/10 showcase the completed feature implementations. Thi
s ceremony validates that the developed functionalities
 []



[52]
File: report_media/media/image53.png Graphic file (type bmp)
<report_media/media/image53.png>
File: report_media/media/slide/2.png Graphic file (type bmp)
<report_media/media/slide/2.png>
LaTeX Font Info:    Font shape `TU/TimesNewRoman(0)/m/n' will be
(Font)              scaled to size 9.0pt on input line 2695.
File: report_media/media/slide/3.png Graphic file (type bmp)
<report_media/media/slide/3.png>


[53]

[54]
File: report_media/media/image84.png Graphic file (type bmp)
<report_media/media/image84.png>

Overfull \hbox (19.34216pt too wide) in paragraph at lines 2749--2750
 [][] 
 []



[55]
Underfull \hbox (badness 1009) in paragraph at lines 2764--2767
[]\TU/TimesNewRoman(0)/b/n/10 Request Authentication Details Screen \TU/TimesNe
wRoman(0)/m/n/10 The Request Authentication Details screen provides a
 []


Overfull \hbox (8.47478pt too wide) in paragraph at lines 2767--2770
[]\TU/TimesNewRoman(0)/b/n/10 Request Authentication Result Screens (Accepted/ 
Rejected) \TU/TimesNewRoman(0)/m/n/10 Separate result screens were implemented
 []


Underfull \hbox (badness 1127) in paragraph at lines 2776--2779
 \TU/TimesNewRoman(0)/b/n/10 4.5.1.1.3 Defect and Quality Improvements[][] \TU/
TimesNewRoman(0)/m/n/10 After completing the core development, we focused
 []

File: report_media/media/image68.png Graphic file (type bmp)
<report_media/media/image68.png>

Overfull \hbox (19.35245pt too wide) in paragraph at lines 2782--2783
 [][] 
 []



[56]
File: report_media/media/image77.png Graphic file (type bmp)
<report_media/media/image77.png>

Overfull \hbox (0.15665pt too wide) in paragraph at lines 2818--2823
\TU/TimesNewRoman(0)/m/n/10 distinguishing between different requests. This iss
ue significantly impacted the reliability of the authentication
 []

File: report_media/media/slide/5.png Graphic file (type bmp)
<report_media/media/slide/5.png>
File: report_media/media/slide/6.png Graphic file (type bmp)
<report_media/media/slide/6.png>


[57]
File: report_media/media/slide/7.png Graphic file (type bmp)
<report_media/media/slide/7.png>


[58]
File: report_media/media/image41.png Graphic file (type bmp)
<report_media/media/image41.png>

Overfull \hbox (19.34651pt too wide) in paragraph at lines 2915--2916
 [][] 
 []



[59]
File: report_media/media/image30.png Graphic file (type bmp)
<report_media/media/image30.png>
File: report_media/media/image59.png Graphic file (type bmp)
<report_media/media/image59.png>
File: report_media/media/image54.png Graphic file (type bmp)
<report_media/media/image54.png>

Overfull \hbox (19.3397pt too wide) in paragraph at lines 2950--2953
 [][] 
 []


Overfull \hbox (19.33482pt too wide) in paragraph at lines 2950--2953
 [] 
 []


Overfull \hbox (19.35095pt too wide) in paragraph at lines 2950--2953
 [] 
 []



[60]
File: report_media/media/image21.png Graphic file (type bmp)
<report_media/media/image21.png>

Overfull \hbox (19.33139pt too wide) in paragraph at lines 2983--2984
 [][] 
 []



[61]
Overfull \hbox (9.29483pt too wide) in paragraph at lines 3013--3017
\TU/TimesNewRoman(0)/m/n/10 strategies on the backend. Caching and structured A
PI design helped reduce latency and improve responsiveness. 
 []

File: report_media/media/slide/12.png Graphic file (type bmp)
<report_media/media/slide/12.png>


[62]

[63]
Overfull \hbox (3.4191pt too wide) in paragraph at lines 3140--3141
[]\TU/TimesNewRoman(0)/b/n/10 Null Segmentation\TU/TimesNewRoman(0)/m/n/10 : Pr
events invalid access and shows a generic error message when segmentation
 []

File: report_media/media/image50.png Graphic file (type bmp)
<report_media/media/image50.png>
File: report_media/media/image40.png Graphic file (type bmp)
<report_media/media/image40.png>

Overfull \hbox (19.34091pt too wide) in paragraph at lines 3192--3193
 [][] 
 []



[64]
File: report_media/media/slide/9.png Graphic file (type bmp)
<report_media/media/slide/9.png>
File: report_media/media/slide/10.png Graphic file (type bmp)
<report_media/media/slide/10.png>


[65]

[66]
Overfull \hbox (0.10141pt too wide) in paragraph at lines 3266--3275
 \TU/TimesNewRoman(0)/b/n/10 4.8.1.1.1 System Preparation and Technical Underst
anding[][] \TU/TimesNewRoman(0)/m/n/10 During the preparation phase, we reviewe
d
 []


Overfull \hbox (11.80649pt too wide) in paragraph at lines 3278--3280
 \TU/TimesNewRoman(0)/b/n/10 4.8.1.1.2 Core Feature Development[][] \TU/TimesNe
wRoman(0)/m/n/10 The core development focused on implementing the new segmentat
ion
 []

File: report_media/media/image9.png Graphic file (type bmp)
<report_media/media/image9.png>

Overfull \hbox (19.34851pt too wide) in paragraph at lines 3283--3284
 [][] 
 []



[67]
File: report_media/media/slide/14.png Graphic file (type bmp)
<report_media/media/slide/14.png>
File: report_media/media/slide/15.png Graphic file (type bmp)
<report_media/media/slide/15.png>


[68]
File: report_media/media/slide/16.png Graphic file (type bmp)
<report_media/media/slide/16.png>
File: report_media/media/slide/17.png Graphic file (type bmp)
<report_media/media/slide/17.png>


[69]
File: report_media/media/slide/18.png Graphic file (type bmp)
<report_media/media/slide/18.png>


[70]

[71]
File: report_media/media/image75.png Graphic file (type bmp)
<report_media/media/image75.png>

Overfull \hbox (19.35312pt too wide) in paragraph at lines 3469--3470
 [][] 
 []

File: report_media/media/image17.png Graphic file (type bmp)
<report_media/media/image17.png>

Overfull \hbox (19.35115pt too wide) in paragraph at lines 3475--3476
 [][] 
 []

File: report_media/media/image1.png Graphic file (type bmp)
<report_media/media/image1.png>

Overfull \hbox (19.34822pt too wide) in paragraph at lines 3481--3482
 [][] 
 []

File: report_media/media/image44.png Graphic file (type bmp)
<report_media/media/image44.png>

Overfull \hbox (19.34822pt too wide) in paragraph at lines 3487--3488
 [][] 
 []



[72]
File: report_media/media/image56.png Graphic file (type bmp)
<report_media/media/image56.png>

Overfull \hbox (23.7254pt too wide) in paragraph at lines 3568--3569
 [][] 
 []

File: report_media/media/image25.png Graphic file (type bmp)
<report_media/media/image25.png>

Overfull \hbox (19.33939pt too wide) in paragraph at lines 3574--3575
 [][] 
 []

File: report_media/media/image83.png Graphic file (type bmp)
<report_media/media/image83.png>

Overfull \hbox (19.35312pt too wide) in paragraph at lines 3580--3581
 [][] 
 []



[73]
File: report_media/media/image19.png Graphic file (type bmp)
<report_media/media/image19.png>

Overfull \hbox (19.35312pt too wide) in paragraph at lines 3586--3587
 [][] 
 []



[74]
File: report_media/media/slide/20.png Graphic file (type bmp)
<report_media/media/slide/20.png>
File: report_media/media/slide/21.png Graphic file (type bmp)
<report_media/media/slide/21.png>


[75]
File: report_media/media/slide/22.png Graphic file (type bmp)
<report_media/media/slide/22.png>
File: report_media/media/slide/23.png Graphic file (type bmp)
<report_media/media/slide/23.png>


[76]
File: report_media/media/slide/24.png Graphic file (type bmp)
<report_media/media/slide/24.png>


[77]
Overfull \hbox (1.47644pt too wide) in paragraph at lines 3726--3730
[]\TU/TimesNewRoman(0)/m/n/10 The frontend provides a complete account opening 
flow, including product display, selection, and confirmation
 []



[78]
File: report_media/media/image70.png Graphic file (type bmp)
<report_media/media/image70.png>

Overfull \hbox (21.9429pt too wide) in paragraph at lines 3770--3771
 [][] 
 []

File: report_media/media/image55.png Graphic file (type bmp)
<report_media/media/image55.png>

Overfull \hbox (19.34695pt too wide) in paragraph at lines 3777--3778
 [][] 
 []

File: report_media/media/image22.png Graphic file (type bmp)
<report_media/media/image22.png>

Overfull \hbox (19.34822pt too wide) in paragraph at lines 3784--3785
 [][] 
 []



[79]
File: report_media/media/image27.png Graphic file (type bmp)
<report_media/media/image27.png>
File: report_media/media/image3.png Graphic file (type bmp)
<report_media/media/image3.png>

Overfull \hbox (19.35312pt too wide) in paragraph at lines 3827--3829
 [][] 
 []


Overfull \hbox (19.35115pt too wide) in paragraph at lines 3827--3829
 [] 
 []


Overfull \hbox (14.31952pt too wide) in paragraph at lines 3838--3845
\TU/TimesNewRoman(0)/m/n/10 inconsistencies were noted in the implementation of
 transaction logic and error handling mechanisms,
 []

File: report_media/media/image81.png Graphic file (type bmp)
<report_media/media/image81.png>

Overfull \hbox (19.34373pt too wide) in paragraph at lines 3850--3851
 [][] 
 []



[80]
File: report_media/media/image74.png Graphic file (type bmp)
<report_media/media/image74.png>

Overfull \hbox (19.35072pt too wide) in paragraph at lines 3883--3884
 [][] 
 []



[81]

[82]

[83]
File: report_media/media/unit_test_deposit.png Graphic file (type bmp)
<report_media/media/unit_test_deposit.png>

Overfull \hbox (19.33438pt too wide) in paragraph at lines 4034--4035
 [][] 
 []

File: report_media/media/unit_test_fininacial.png Graphic file (type bmp)
<report_media/media/unit_test_fininacial.png>

Overfull \hbox (19.35065pt too wide) in paragraph at lines 4040--4041
 [][] 
 []



[84]
File: report_media/media/unit_code_example.png Graphic file (type bmp)
<report_media/media/unit_code_example.png>

Overfull \hbox (19.33534pt too wide) in paragraph at lines 4046--4047
 [][] 
 []



[85]
Underfull \hbox (badness 10000) in paragraph at lines 4063--4064

 []



[86]
Chapter 5.

Package hyperref Warning: Token not allowed in a PDF string (Unicode):
(hyperref)                \kern -5.0pt
(hyperref)                removed on input line 4066.


Overfull \hbox (8.54285pt too wide) in paragraph at lines 4078--4085
\TU/TimesNewRoman(0)/m/n/10 of conventional mobile banking applications, such a
s the lack of financial planning tools, limited personalization,
 []



[87

]
Underfull \hbox (badness 10000) in paragraph at lines 4200--4201

 []

(report_build.bbl

[88]
Underfull \hbox (badness 6188) in paragraph at lines 4--11
[]\TU/TimesNewRoman(0)/m/n/10 N. A. A. Khleel and K. Nehéz,  2020, “Merging pro
blems in modern version control
 []


Underfull \hbox (badness 10000) in paragraph at lines 4--11
[][]$[][][][][] [] [] [] [][][] [] [][][][][][][][][][][][] [] [][][] [] [][][]
[][][] [] [][][][][][][][][][][][][][][][][][][][][][][][][] [] [][][][] [] [][
][][][][][][][]$[][]\TU/TimesNewRoman(0)/m/n/10 ,
 []


Underfull \hbox (badness 1789) in paragraph at lines 97--101
[]\TU/TimesNewRoman(0)/m/n/10 Postman, n.d.,  “Navigating Postman,” Available a
t [][]$[][][][][] [] [] [] [][][][][][][][] [] [][][][][][][] [] [][][] [] [][]
[][] []
 []



[89

]
Underfull \hbox (badness 10000) in paragraph at lines 193--198
[]\TU/TimesNewRoman(0)/m/n/10 System Weakness, n.d.,  “Automate and finds the I
P address of a
 []


Underfull \hbox (badness 10000) in paragraph at lines 193--198
\TU/TimesNewRoman(0)/m/n/10 website behind Cloudflare,” Available at [][]$[][][
][][] [] [] [] [][][][][][][][][][][][][][] [] [][][] []
 []


Underfull \hbox (badness 10000) in paragraph at lines 193--198
[][][][][][][][][][][][][][][][][][][][][][][][][][][][][][][][][][][][][][][][
][][][][][][][][][][][][][][][][][][][][][][][][][][][][][][][][][][][][][][][]
[][][][][][][][][]$[][]\TU/TimesNewRoman(0)/m/n/10 ,
 []


Underfull \hbox (badness 10000) in paragraph at lines 218--222
[]\TU/TimesNewRoman(0)/m/n/10 Apache APISIX Documentation, 2024,  “High-Perform
ance Cloud-Native API
 []


Underfull \hbox (badness 10000) in paragraph at lines 218--222
\TU/TimesNewRoman(0)/m/n/10 Gateway,” Available at [][]$[][][][][] [] [] [] [][
][][][][] [] [][][][][][] [] [][][] [] [][][][] [] [][][][] [] [][] [] [][] []
 []


Underfull \hbox (badness 6526) in paragraph at lines 218--222
[][][][][][][][][][][][][][][][][][][][][][][][][][][][][][][][][][][][][][][][
][][][][][][][][][][][][][][][][][][][][][][] [] [][][][][][][][][][][][][][][]
$[][]\TU/TimesNewRoman(0)/m/n/10 , [Online;
 []


Underfull \hbox (badness 3078) in paragraph at lines 252--256
[]\TU/TimesNewRoman(0)/m/n/10 NetApp, n.d.,  “PostgreSQL architecture,” Availab
le at [][]$[][][][][] [] [] [] [][][][] [] [][][][][][] [] [][][] [] [][][][][]
[] []
 []


Underfull \hbox (badness 1975) in paragraph at lines 252--256
[][][][][][][][][][][][][][][][] [] [][][][][][][][] [] [][][][][][][][][][][][
][][][][][][][][][][] [] [][][][]$[][]\TU/TimesNewRoman(0)/m/n/10 , [Online; ac
cessed September 18,
 []


Underfull \hbox (badness 3965) in paragraph at lines 263--267
[]\TU/TimesNewRoman(0)/m/n/10 Somkiat Puisungnoen, n.d.,  “Redis architecture,”
 Available at [][]$[][][][][] [] [] [] [][][] [] [][][][][][][] [] [][] []
 []



[90]
Underfull \hbox (badness 6526) in paragraph at lines 275--279
[][][][][][][][][] [] [][][][][][][][][][][][][][][][][][][][][][][][][][][][][
][][][][][][][][][][][][][][][][][][][][][][][][][][][][][][][][][][][][][][][]
$[][]\TU/TimesNewRoman(0)/m/n/10 , [Online;
 []


Underfull \hbox (badness 1509) in paragraph at lines 286--290
[]\TU/TimesNewRoman(0)/m/n/10 Dynatrace, 2025,  “What is Dynatrace?,” Available
 at [][]$[][][][][] [] [] [] [][][][] [] [][][][][][][][][] [] [][][] [] [][][]
[] []
 []


Underfull \hbox (badness 3343) in paragraph at lines 292--296
[]\TU/TimesNewRoman(0)/m/n/10 Splunk, 2025,  “What is Splunk?,” Available at []
[]$[][][][][] [] [] [] [][][] [] [][][][][][][][] [] [][][] [] [][][][][][][][]
[] []
 []


Underfull \hbox (badness 1616) in paragraph at lines 326--330
[]\TU/TimesNewRoman(0)/m/n/10 Flutter Community, n.d.,  “Flutter BLoC for begin
ners,” Available at [][]$[][][][][] [] [] [] [][][][][][] [] [][][] []
 []


Underfull \hbox (badness 10000) in paragraph at lines 326--330
[][][][][][][][][][][][][][][][][][] [] [][][][][][][][][][][][][][][][][][][][
][][][][][][][][][][][][][][][][][][][][][][][]$[][]\TU/TimesNewRoman(0)/m/n/10
 , [Online; accessed
 []


Underfull \hbox (badness 3657) in paragraph at lines 332--336
[]\TU/TimesNewRoman(0)/m/n/10 Javarevisited, 2023,  “How does BFF (backend for 
frontend) work,” Available at [][]$[][][][][] []
 []


Underfull \hbox (badness 10000) in paragraph at lines 332--336
[] [] [][][][][][][][][][][][][] [] [][][][][][][][] [] [][][] [] [][][][] [] [
][] [] [][][][][][][][][][][][][][][][][][][][][][][][][][][][][][][][][][][][]
[][] [] [][][][]$[][]\TU/TimesNewRoman(0)/m/n/10 ,
 []


Underfull \hbox (badness 10000) in paragraph at lines 343--348
[]\TU/TimesNewRoman(0)/m/n/10 Microsoft, n.d.,  “Direct client-to-microservice 
communication versus the API
 []


Underfull \hbox (badness 10000) in paragraph at lines 343--348
\TU/TimesNewRoman(0)/m/n/10 gateway pattern,” Available at [][]$[][][][][] [] [
] [] [][][][][] [] [][][][][][][][][] [] [][][] [] [][][][][][] [] [][][][][][]
 []
 []


Underfull \hbox (badness 10000) in paragraph at lines 343--348
[][][][][][][][][][][][] [] [][][][][][][][][][][][][] [] [][][][][][][][][][][
][][][][][][][][][][][][][][][][][][][][][][][][][][][][][][][][][][][][][] []
 []


Underfull \hbox (badness 10000) in paragraph at lines 343--348
[][][][][][][][][][][][][][][][][][][][][][][][][][][][][][][][][][][][][][][][
][][][][][][][][][][][][][][][][][][][][][][][][][][][][][][][][][][][][][][][]
[][][][]$[][]\TU/TimesNewRoman(0)/m/n/10 ,
 []


Underfull \hbox (badness 1033) in paragraph at lines 350--354
[]\TU/TimesNewRoman(0)/m/n/10 GitHub, n.d.,  “Understanding GitHub Actions,” Av
ailable at [][]$[][][][][] [] [] [] [][][][] [] [][][][][][] [] [][][] [] [][] 
[]
 []


Underfull \hbox (badness 1365) in paragraph at lines 368--372
[]\TU/TimesNewRoman(0)/m/n/10 T.T. Software Solution, n.d.,  “Docker image cont
ainer,” Available at [][]$[][][][][] [] [] [] [][][][][][] [] [][][] []
 []


Underfull \hbox (badness 10000) in paragraph at lines 368--372
[][][][][][][][][][][][][][][][][][][][][][][][] [] [][][] [] [][] [] [][] [] [
][] [] [][] [] [][] [] [][] [] [][] [] [][] [] [][] [] [][] [] [][] [] [][] [] 
[][] [] [][] [] [][] [] [][] [] [][] []
 []



[91]
Underfull \hbox (badness 10000) in paragraph at lines 397--402
[]\TU/TimesNewRoman(0)/m/n/10 CheapSSLsecurity, n.d.,  “What is public key and 
private key cryptography
 []


Underfull \hbox (badness 10000) in paragraph at lines 397--402
\TU/TimesNewRoman(0)/m/n/10 and how does it work,” Available at [][]$[][][][][]
 [] [] [] [][][][][][][][][][][][][][][][] [] [][][] [] [] []
 []


Underfull \hbox (badness 10000) in paragraph at lines 397--402
[][][][][][][][][][][][][][][][][][][][][][][][][][][][][][][][][][][][][][][][
][][][][][][][][][][][][][][][][][][][][][][][][][][][][][][][][][][][][][][][]
[][]$[][]\TU/TimesNewRoman(0)/m/n/10 , [Online;
 []


Underfull \hbox (badness 5908) in paragraph at lines 414--418
[]\TU/TimesNewRoman(0)/m/n/10 Sectigo, n.d.,  “How digital signatures work,” Av
ailable at [][]$[][][][][] [] [] [] [][][] [] [][][][][][][] [] [][][] []
 []


Underfull \hbox (badness 10000) in paragraph at lines 436--440
[][][] [] [][][][][][][][][][][] [] [][][][][][][][][][][][][][][][][][][][][][
][][][][][][][][][][][][][][][][][][][][][][][][][][][][][][][][][][][][][][]$[
][]\TU/TimesNewRoman(0)/m/n/10 , [Online;
 []


Underfull \hbox (badness 1895) in paragraph at lines 442--446
[]\TU/TimesNewRoman(0)/m/n/10 MacThai, 2020,  “Krungthai NEXT,” Available at []
[]$[][][][][] [] [] [] [][][] [] [][][][][][][] [] [][][] [] [][][][] [] [][] [
] [][] []
 []


Underfull \hbox (badness 10000) in paragraph at lines 454--458
[]\TU/TimesNewRoman(0)/m/n/10 Thailand Insurance News, n.d.,  “TTB digital stra
tegy,” Available at [][]$[][][][][] [] [] []
 []


Underfull \hbox (badness 10000) in paragraph at lines 454--458
[][][][][][][][][][][][][][][][][][][][][] [] [][][] [] [][][][][][][][] [] [][
][][][] [] [][] [] [][] [] [][] [] [][] [] [][] [] [][][][][][][] [] [][] [] []
[] [] [][] [] [][] [] [][] []
 []


Underfull \hbox (badness 10000) in paragraph at lines 454--458
[][] [] [][] [] [][] [] [][] [] [][] [] [][] [] [][] [] [][] [] [][] [] [][] []
 [][] [] [][] [] [][] [] [][] [] [][] [] [][][][] [] [][] [] [][] [] [][] [] []
[] [] [][] [] [][] [] [][] [] [][] [] [][] [] [][] []
 []


Underfull \hbox (badness 10000) in paragraph at lines 454--458
[][] [] [][] [] [][] [] [][] [] [][] [] [][] [] [][] [] [][] [] [][] [] [][] []
 [][] [] [][] [] [][] [] [][] [] [][] [] [][] [] [][] [] [][] [] [][] [] [][] [
] [][] [] [][] [] [][][]$[][]\TU/TimesNewRoman(0)/m/n/10 , [Online;
 []


Overfull \hbox (193.38pt too wide) in paragraph at lines 460--464
[][][][][][][][] [] [][][][][][][][][][][][][][][][][][][][][][][][][][][][][][
][][][][][][][][][][][][][][][][][][][][][][][][][][][][][][][][][][][][][][][]
[][][][][][][][][][][][][][][][][][][][][][][][][][][][][][][][][][][][][][][][
][][][][][][][][][][][][][]$[][]\TU/TimesNewRoman(0)/m/n/10 ,
 []

)

[92] (report_build.aux)
 ***********
LaTeX2e <2025-11-01>
L3 programming layer <2026-03-20>
 ***********
Package rerunfilecheck Info: File `report_build.out' has not changed.
(rerunfilecheck)             Checksum: 33CA2DB176CFBB250A4066672796763C;29045.
 ) 
Here is how much of TeX's memory you used:
 20981 strings out of 404776
 408429 string characters out of 2477446
 886656 words of memory out of 3000000
 49385 multiletter control sequences out of 15000+600000
 630773 words of font info for 86 fonts, out of 8000000 for 9000
 0 hyphenation exceptions out of 8191
 102i,9n,131p,830b,728s stack positions out of 5000i,500n,10000p,200000b,80000s

Output written on report_build.pdf (104 pages).
